// Vitest Snapshot v1, https://vitest.dev/guide/snapshot.html

exports[`web Canvas > should correctly mount 1`] = `
<div>
  <div
    style="width: 100%; height: 100%;"
  >
    <canvas
      data-engine="three.js r149"
      height="800"
      width="1280"
    />
  </div>
</div>
`;
